boot ok
TICK tick=0 ts_ms=0
TRACE tick=0 task=0 from=0 to=1 reason=wait_satisfied ts_ms=0
TRACE tick=0 task=0 from=1 to=2 reason=action ts_ms=0
TIMING tick=0 ts_start_us=0 ts_end_us=90 exec_us=90 slack_us=19910 overrun=false
TICK tick=1 ts_ms=20
TIMING tick=1 ts_start_us=20000 ts_end_us=20010 exec_us=10 slack_us=19990 overrun=false
TICK tick=2 ts_ms=40
TIMING tick=2 ts_start_us=40000 ts_end_us=40010 exec_us=10 slack_us=19990 overrun=false
TICK tick=3 ts_ms=60
TRACE tick=3 task=0 from=2 to=3 reason=delay_elapsed ts_ms=60
TIMING tick=3 ts_start_us=60000 ts_end_us=60050 exec_us=50 slack_us=19950 overrun=false
TICK tick=4 ts_ms=80
TIMING tick=4 ts_start_us=80000 ts_end_us=80010 exec_us=10 slack_us=19990 overrun=false
TICK tick=5 ts_ms=100
TIMING tick=5 ts_start_us=100000 ts_end_us=100010 exec_us=10 slack_us=19990 overrun=false
TICK tick=6 ts_ms=120
TRACE tick=6 task=0 from=3 to=4 reason=delay_elapsed ts_ms=120
TRACE tick=6 task=0 from=4 to=6 reason=action ts_ms=120
TIMING tick=6 ts_start_us=120000 ts_end_us=120090 exec_us=90 slack_us=19910 overrun=false
